waisam@waisam-PC MINGW64 /f/learGit (master)
$ git status
On branch master
Untracked files:
  (use "git add <file>..." to include in what will be committed)

        check_Status_and_Diff.txt

nothing added to commit but untracked files present (use "git add" to track)

waisam@waisam-PC MINGW64 /f/learGit (master)
$ git diff check_Status_and_Diff.txt

waisam@waisam-PC MINGW64 /f/learGit (master)
$ vim check_Status_and_Diff.txt

waisam@waisam-PC MINGW64 /f/learGit (master)
$ cat check_Status_and_Diff.txt
init status!

waisam@waisam-PC MINGW64 /f/learGit (master)
$ git status
On branch master
Untracked files:
  (use "git add <file>..." to include in what will be committed)

        check_Status_and_Diff.txt

nothing added to commit but untracked files present (use "git add" to track)

waisam@waisam-PC MINGW64 /f/learGit (master)
$ git add check_Status_and_Diff.txt

waisam@waisam-PC MINGW64 /f/learGit (master)
$ git commit -"新建文件check_Status_and_Diff.txt并初始化内容"
[master 921ff56] 新建文件check_Status_and_Diff.txt并初始化内容
 1 file changed, 1 insertion(+)
 create mode 100644 check_Status_and_Diff.txt

waisam@waisam-PC MINGW64 /f/learGit (master)
$ vi check_Status_and_Diff.txt

waisam@waisam-PC MINGW64 /f/learGit (master)
$ cat check_Status_and_Diff.txt
init status!
add one line!

waisam@waisam-PC MINGW64 /f/learGit (master)
$ git diff check_Status_and_Diff.txt
diff --git a/check_Status_and_Diff.txt b/check_Status_and_Diff.txt
index 059ebac..acf333a 100644
--- a/check_Status_and_Diff.txt
+++ b/check_Status_and_Diff.txt
@@ -1 +1,2 @@
 init status!
+add one line!

waisam@waisam-PC MINGW64 /f/learGit (master)
$ git diff check_Status_and_Diff.txt
diff --git a/check_Status_and_Diff.txt b/check_Status_and_Diff.txt
index acf333a..e105cd4 100644
--- a/check_Status_and_Diff.txt
+++ b/check_Status_and_Diff.txt
@@ -1,2 +1,56 @@
+waisam@waisam-PC MINGW64 /f/learGit (master)
+$ git status
+On branch master
+Untracked files:
+  (use "git add <file>..." to include in what will be committed)
+
+        check_Status_and_Diff.txt
+
+nothing added to commit but untracked files present (use "git add" to track)
+
+waisam@waisam-PC MINGW64 /f/learGit (master)
+$ git diff check_Status_and_Diff.txt
+
+waisam@waisam-PC MINGW64 /f/learGit (master)
+$ vim check_Status_and_Diff.txt
+
+waisam@waisam-PC MINGW64 /f/learGit (master)
+$ cat check_Status_and_Diff.txt
+init status!
+
+waisam@waisam-PC MINGW64 /f/learGit (master)
+$ git status
+On branch master
+Untracked files:
+  (use "git add <file>..." to include in what will be committed)
+
+        check_Status_and_Diff.txt
+
+nothing added to commit but untracked files present (use "git add" to track)
+
+waisam@waisam-PC MINGW64 /f/learGit (master)
+$ git add check_Status_and_Diff.txt
+
+waisam@waisam-PC MINGW64 /f/learGit (master)
+$ git commit -"新建文件check_Status_and_Diff.txt并初始化内容"
+[master 921ff56] 新建文件check_Status_and_Diff.txt并初始化内容
+ 1 file changed, 1 insertion(+)
+ create mode 100644 check_Status_and_Diff.txt
+
+waisam@waisam-PC MINGW64 /f/learGit (master)
+$ vi check_Status_and_Diff.txt
+
+waisam@waisam-PC MINGW64 /f/learGit (master)
+$ cat check_Status_and_Diff.txt
 init status!
 add one line!
+
+waisam@waisam-PC MINGW64 /f/learGit (master)
+$ git diff check_Status_and_Diff.txt
+diff --git a/check_Status_and_Diff.txt b/check_Status_and_Diff.txt
+index 059ebac..acf333a 100644
+--- a/check_Status_and_Diff.txt
++++ b/check_Status_and_Diff.txt
+@@ -1 +1,2 @@
+ init status!
++add one line
