waisam@waisam-PC MINGW64 /c/Windows/system32
$ cd /f/learGit/

waisam@waisam-PC MINGW64 /f/learGit
$ git init
Initialized empty Git repository in F:/learGit/.git/

waisam@waisam-PC MINGW64 /f/learGit (master)
$ ls -al
total 12
drwxr-xr-x 1 waisam 197121 0 九月 24 02:56 ./
drwxr-xr-x 1 waisam 197121 0 九月 24 02:50 ../
drwxr-xr-x 1 waisam 197121 0 九月 24 02:56 .git/

waisam@waisam-PC MINGW64 /f/learGit (master)
$ git status
On branch master

Initial commit

nothing to commit (create/copy files and use "git add" to track)

waisam@waisam-PC MINGW64 /f/learGit (master)
$ vim create_repository.txt

waisam@waisam-PC MINGW64 /f/learGit (master)
$ ls -al
total 12
drwxr-xr-x 1 waisam 197121 0 九月 24 02:58 ./
drwxr-xr-x 1 waisam 197121 0 九月 24 02:50 ../
drwxr-xr-x 1 waisam 197121 0 九月 24 02:57 .git/
-rw-r--r-- 1 waisam 197121 0 九月 24 02:58 create_repository.txt

waisam@waisam-PC MINGW64 /f/learGit (master)
$ rm create_repository.txt

waisam@waisam-PC MINGW64 /f/learGit (master)
$ ls -al
total 12
drwxr-xr-x 1 waisam 197121 0 九月 24 02:58 ./
drwxr-xr-x 1 waisam 197121 0 九月 24 02:50 ../
drwxr-xr-x 1 waisam 197121 0 九月 24 02:57 .git/

waisam@waisam-PC MINGW64 /f/learGit (master)
$ touch create_repository.txt

waisam@waisam-PC MINGW64 /f/learGit (master)
$ cat create_repository.txt

waisam@waisam-PC MINGW64 /f/learGit (master)
$ git status
On branch master

Initial commit

Untracked files:
  (use "git add <file>..." to include in what will be committed)

        create_repository.txt

nothing added to commit but untracked files present (use "git add" to track)

waisam@waisam-PC MINGW64 /f/learGit (master)
$ git add create_repository.txt

waisam@waisam-PC MINGW64 /f/learGit (master)
$ git status
On branch master

Initial commit

Changes to be committed:
  (use "git rm --cached <file>..." to unstage)

        new file:   create_repository.txt


waisam@waisam-PC MINGW64 /f/learGit (master)
$ git commit -m "创建仓库,添加操作记录文件create_repository"
[master (root-commit) 7a31c5e] 创建仓库,添加操作记录文件create_repository
 1 file changed, 0 insertions(+), 0 deletions(-)
 create mode 100644 create_repository.txt

waisam@waisam-PC MINGW64 /f/learGit (master)
$ git status
On branch master
nothing to commit, working directory clean
